// Jest Snapshot v1, https://goo.gl/fbAQLP

exports[`Icon -> Custom Component matches the icon component snapshot 1`] = `
<View
  style={
    {
      "flex": undefined,
      "flexDirection": "column",
    }
  }
  testID="icon-test-id"
>
  <MockSvgIcon
    fill="#FFFFFF"
    height={16}
    strokeWidth={0}
    testID="mock-svg"
    width={16}
  />
</View>
`;
