// Jest Snapshot v1, https://goo.gl/fbAQLP

exports[`EmptyState -> Custom Component ilk render anında snapshot ile eşleşmeli 1`] = `
<View
  flex={1}
  pointerEvents="box-none"
  style={
    {
      "flex": 1,
      "flexDirection": "column",
    }
  }
>
  <View
    alignItemsCenter={true}
    justifyContentCenter={true}
    style={
      {
        "alignItems": "center",
        "flex": undefined,
        "flexDirection": "column",
        "justifyContent": "center",
      }
    }
  >
    <Image
      height={220}
      overflowHidden={true}
      resizeMode="contain"
      source={
        {
          "testUri": "../../../src/assets/images/empty-state/phone.png",
        }
      }
      style={
        {
          "height": 423,
          "maxHeight": 423,
          "overflow": "hidden",
          "resizeMode": "contain",
          "width": 423,
        }
      }
      testID="empty-state-image-test-id"
      width={220}
    />
    <View
      alignItemsCenter={true}
      style={
        {
          "alignItems": "center",
          "flex": undefined,
          "flexDirection": "column",
        }
      }
    >
      <Text
        marginBottom={8}
        style={
          {
            "color": "rgba(255, 255, 255, 1)",
            "fontFamily": "Markpro-Medium",
            "fontSize": 16,
            "fontWeight": undefined,
            "marginBottom": 16,
            "textAlign": "center",
          }
        }
        testID="empty-state-desc-test-id"
      >
        TEST
      </Text>
    </View>
  </View>
  <View
    onLayout={[Function]}
    pointerEvents="box-none"
    style={
      [
        {
          "alignSelf": "center",
          "elevation": 999999,
          "flex": 0,
          "maxWidth": "100%",
          "position": "absolute",
          "zIndex": 999999,
        },
        {
          "flexDirection": "column-reverse",
          "justifyContent": "flex-start",
          "top": 30,
          "width": 750,
        },
      ]
    }
  >
    <View
      style={
        {
          "bottom": 0,
        }
      }
    >
      <RCTSafeAreaView />
    </View>
  </View>
  <View
    onLayout={[Function]}
    pointerEvents="box-none"
    style={
      [
        {
          "alignSelf": "center",
          "elevation": 999999,
          "flex": 0,
          "maxWidth": "100%",
          "position": "absolute",
          "zIndex": 999999,
        },
        {
          "bottom": 40,
          "flexDirection": "column",
          "justifyContent": "flex-end",
          "width": 750,
        },
      ]
    }
  >
    <View
      style={
        {
          "bottom": 0,
        }
      }
    >
      <RCTSafeAreaView />
    </View>
  </View>
</View>
`;
